[2026-07-11 20:41:09] Loaded external plugin: BrowserLauncher
[2026-07-11 20:41:09] Loaded external plugin: Calculator
[2026-07-11 20:41:09] Loaded external plugin: WeatherTracker
[2026-07-11 20:44:16] Loaded external plugin: BrowserLauncher
[2026-07-11 20:44:16] Loaded external plugin: Calculator
[2026-07-11 20:44:16] Loaded external plugin: WeatherTracker
[2026-07-11 20:47:26] Loaded external plugin: BrowserLauncher
[2026-07-11 20:47:26] Loaded external plugin: Calculator
[2026-07-11 20:47:26] Loaded external plugin: WeatherTracker
[2026-07-11 20:49:40] Loaded external plugin: BrowserLauncher
[2026-07-11 20:49:40] Loaded external plugin: Calculator
[2026-07-11 20:49:40] Loaded external plugin: WeatherTracker
[2026-07-11 20:51:56] Loaded external plugin: BrowserLauncher
[2026-07-11 20:51:56] Loaded external plugin: Calculator
[2026-07-11 20:51:56] Loaded external plugin: WeatherTracker
[2026-07-11 20:54:00] Loaded external plugin: BrowserLauncher
[2026-07-11 20:54:00] Loaded external plugin: Calculator
[2026-07-11 20:54:00] Loaded external plugin: WeatherTracker
[2026-07-11 20:56:18] Loaded external plugin: BrowserLauncher
[2026-07-11 20:56:18] Loaded external plugin: Calculator
[2026-07-11 20:56:18] Loaded external plugin: WeatherTracker
[2026-07-11 20:58:47] Loaded external plugin: BrowserLauncher
[2026-07-11 20:58:47] Loaded external plugin: Calculator
[2026-07-11 20:58:47] Loaded external plugin: WeatherTracker
[2026-07-11 21:01:25] Loaded external plugin: BrowserLauncher
[2026-07-11 21:01:25] Loaded external plugin: Calculator
[2026-07-11 21:01:25] Loaded external plugin: WeatherTracker
[2026-07-11 21:12:20] Loaded external plugin: BrowserLauncher
[2026-07-11 21:12:20] Loaded external plugin: Calculator
[2026-07-11 21:12:20] Loaded external plugin: WeatherTracker
[2026-07-11 22:12:26] Loaded external plugin: BrowserLauncher
[2026-07-11 22:12:26] Loaded external plugin: Calculator
[2026-07-11 22:12:26] Loaded external plugin: WeatherTracker
[2026-07-11 22:13:04] Loaded external plugin: BrowserLauncher
[2026-07-11 22:13:04] Loaded external plugin: Calculator
[2026-07-11 22:13:04] Loaded external plugin: WeatherTracker
[2026-07-11 22:17:39] Loaded external plugin: BrowserLauncher
[2026-07-11 22:17:39] Loaded external plugin: Calculator
[2026-07-11 22:17:39] Loaded external plugin: WeatherTracker
[2026-07-11 22:21:30] Loaded external plugin: BrowserLauncher
[2026-07-11 22:21:30] Loaded external plugin: Calculator
[2026-07-11 22:21:30] Loaded external plugin: WeatherTracker
[2026-07-11 22:22:48] Loaded external plugin: BrowserLauncher
[2026-07-11 22:22:48] Loaded external plugin: Calculator
[2026-07-11 22:22:48] Loaded external plugin: WeatherTracker
[2026-07-11 22:43:35] Loaded external plugin: BrowserLauncher
[2026-07-11 22:43:35] Loaded external plugin: Calculator
[2026-07-11 22:43:35] Loaded external plugin: WeatherTracker
[2026-08-09 12:05:31] Loaded external plugin: BrowserLauncher
[2026-08-09 12:05:31] Loaded external plugin: Calculator
[2026-08-09 12:05:31] Loaded external plugin: WeatherTracker
[2026-08-09 12:09:55] Loaded external plugin: BrowserLauncher
[2026-08-09 12:09:55] Loaded external plugin: Calculator
[2026-08-09 12:09:55] Loaded external plugin: WeatherTracker
[2026-08-09 12:11:38] Loaded external plugin: BrowserLauncher
[2026-08-09 12:11:38] Loaded external plugin: Calculator
[2026-08-09 12:11:38] Loaded external plugin: WeatherTracker
[2026-08-09 12:15:15] Loaded external plugin: BrowserLauncher
[2026-08-09 12:15:15] Loaded external plugin: Calculator
[2026-08-09 12:15:15] Loaded external plugin: WeatherTracker
[2026-08-09 12:18:09] Command trigger matched: 'open browser' delegating to 'BrowserLauncher'
[2026-08-09 12:18:45] Command trigger matched: 'weather' delegating to 'WeatherTracker'
[2026-08-09 12:19:19] Command trigger matched: 'weather' delegating to 'WeatherTracker'
[2026-08-09 12:20:25] Loaded external plugin: BrowserLauncher
[2026-08-09 12:20:25] Loaded external plugin: Calculator
[2026-08-09 12:20:25] Loaded external plugin: WeatherTracker
[2026-08-09 12:23:02] Loaded external plugin: BrowserLauncher
[2026-08-09 12:23:02] Loaded external plugin: Calculator
[2026-08-09 12:23:02] Loaded external plugin: WeatherTracker
[2026-08-09 12:24:03] Loaded external plugin: BrowserLauncher
[2026-08-09 12:24:03] Loaded external plugin: Calculator
[2026-08-09 12:24:03] Loaded external plugin: WeatherTracker
[2026-08-09 12:26:46] Loaded external plugin: BrowserLauncher
[2026-08-09 12:26:46] Loaded external plugin: Calculator
[2026-08-09 12:26:46] Failed to dynamically load plugin module 'system_control': 
[2026-08-09 12:26:46] Loaded external plugin: WeatherTracker
[2026-08-09 12:28:05] Loaded external plugin: BrowserLauncher
[2026-08-09 12:28:05] Loaded external plugin: Calculator
[2026-08-09 12:28:05] Loaded external plugin: SystemControl
[2026-08-09 12:28:05] Loaded external plugin: WeatherTracker
[2026-08-09 12:30:56] Loaded external plugin: SystemBriefing
[2026-08-09 12:30:56] Loaded external plugin: BrowserLauncher
[2026-08-09 12:30:56] Loaded external plugin: Calculator
[2026-08-09 12:30:56] Loaded external plugin: SystemControl
[2026-08-09 12:30:56] Loaded external plugin: WeatherTracker
[2026-08-09 12:31:54] Loaded external plugin: SystemBriefing
[2026-08-09 12:31:54] Loaded external plugin: BrowserLauncher
[2026-08-09 12:31:54] Loaded external plugin: Calculator
[2026-08-09 12:31:54] Loaded external plugin: SystemControl
[2026-08-09 12:31:54] Loaded external plugin: WeatherTracker
[2026-08-09 12:33:17] Loaded external plugin: SystemBriefing
[2026-08-09 12:33:17] Loaded external plugin: BrowserLauncher
[2026-08-09 12:33:17] Loaded external plugin: Calculator
[2026-08-09 12:33:17] Loaded external plugin: SystemControl
[2026-08-09 12:33:17] Loaded external plugin: WeatherTracker
[2026-08-09 12:33:25] System briefing generated successfully.
[2026-08-09 12:35:23] Loaded external plugin: SystemBriefing
[2026-08-09 12:35:23] Loaded external plugin: BrowserLauncher
[2026-08-09 12:35:23] Loaded external plugin: Calculator
[2026-08-09 12:35:23] Loaded external plugin: SystemControl
[2026-08-09 12:35:23] Loaded external plugin: WeatherTracker
[2026-08-09 12:35:31] System briefing generated successfully.
[2026-08-09 12:36:50] Loaded external plugin: SystemBriefing
[2026-08-09 12:36:50] Loaded external plugin: BrowserLauncher
[2026-08-09 12:36:50] Loaded external plugin: Calculator
[2026-08-09 12:36:50] Loaded external plugin: SystemControl
[2026-08-09 12:36:50] Loaded external plugin: WeatherTracker
[2026-08-09 12:36:58] System briefing generated successfully.
[2026-08-09 12:39:01] Loaded external plugin: SystemBriefing
[2026-08-09 12:39:01] Loaded external plugin: BrowserLauncher
[2026-08-09 12:39:01] Loaded external plugin: Calculator
[2026-08-09 12:39:01] Loaded external plugin: MacroRoutines
[2026-08-09 12:39:01] Loaded external plugin: SystemControl
[2026-08-09 12:39:01] Loaded external plugin: WeatherTracker
[2026-08-09 12:39:09] System briefing generated successfully.
[2026-08-09 12:40:17] Loaded external plugin: SystemBriefing
[2026-08-09 12:40:17] Loaded external plugin: BrowserLauncher
[2026-08-09 12:40:17] Loaded external plugin: Calculator
[2026-08-09 12:40:17] Loaded external plugin: MacroRoutines
[2026-08-09 12:40:17] Loaded external plugin: SystemControl
[2026-08-09 12:40:17] Loaded external plugin: WeatherTracker
[2026-08-09 12:40:26] System briefing generated successfully.
[2026-08-09 12:44:21] Loaded external plugin: SystemBriefing
[2026-08-09 12:44:21] Loaded external plugin: BrowserLauncher
[2026-08-09 12:44:21] Loaded external plugin: Calculator
[2026-08-09 12:44:21] Loaded external plugin: MacroRoutines
[2026-08-09 12:44:21] Loaded external plugin: Reminders
[2026-08-09 12:44:21] Loaded external plugin: SystemControl
[2026-08-09 12:44:21] Loaded external plugin: WeatherTracker
[2026-08-09 12:44:29] System briefing generated successfully.
[2026-08-09 12:45:00] Loaded external plugin: SystemBriefing
[2026-08-09 12:45:00] Loaded external plugin: BrowserLauncher
[2026-08-09 12:45:00] Loaded external plugin: Calculator
[2026-08-09 12:45:00] Loaded external plugin: MacroRoutines
[2026-08-09 12:45:00] Loaded external plugin: Reminders
[2026-08-09 12:45:00] Loaded external plugin: SystemControl
[2026-08-09 12:45:00] Loaded external plugin: WeatherTracker
[2026-08-09 12:45:08] System briefing generated successfully.
[2026-08-09 12:50:00] Command trigger matched: 'remind me' delegating to 'Reminders'
[2026-08-09 12:53:56] Loaded external plugin: SystemBriefing
[2026-08-09 12:53:56] Loaded external plugin: BrowserLauncher
[2026-08-09 12:53:56] Loaded external plugin: Calculator
[2026-08-09 12:53:56] Loaded external plugin: LogSearch
[2026-08-09 12:53:56] Loaded external plugin: MacroRoutines
[2026-08-09 12:53:56] Loaded external plugin: Reminders
[2026-08-09 12:53:56] Loaded external plugin: SystemControl
[2026-08-09 12:53:56] Loaded external plugin: WebcamVision
[2026-08-09 12:53:56] Loaded external plugin: WeatherTracker
[2026-08-09 12:54:04] System briefing generated successfully.
[2026-08-09 12:56:27] Loaded external plugin: SystemBriefing
[2026-08-09 12:56:27] Loaded external plugin: BrowserLauncher
[2026-08-09 12:56:27] Loaded external plugin: Calculator
[2026-08-09 12:56:27] Loaded external plugin: LogSearch
[2026-08-09 12:56:27] Loaded external plugin: MacroRoutines
[2026-08-09 12:56:27] Loaded external plugin: NetworkRadar
[2026-08-09 12:56:27] Loaded external plugin: Reminders
[2026-08-09 12:56:27] Loaded external plugin: SystemControl
[2026-08-09 12:56:27] Loaded external plugin: WebcamVision
[2026-08-09 12:56:27] Loaded external plugin: WeatherTracker
[2026-08-09 12:56:35] System briefing generated successfully.
[2026-08-09 12:58:59] Loaded external plugin: AlarmClock
[2026-08-09 12:58:59] Loaded external plugin: SystemBriefing
[2026-08-09 12:58:59] Loaded external plugin: BrowserLauncher
[2026-08-09 12:58:59] Loaded external plugin: Calculator
[2026-08-09 12:58:59] Loaded external plugin: MemoryCleaner
[2026-08-09 12:58:59] Loaded external plugin: LogSearch
[2026-08-09 12:58:59] Loaded external plugin: MacroRoutines
[2026-08-09 12:58:59] Loaded external plugin: NetworkRadar
[2026-08-09 12:58:59] Loaded external plugin: Reminders
[2026-08-09 12:58:59] Loaded external plugin: SystemControl
[2026-08-09 12:58:59] Loaded external plugin: WebcamVision
[2026-08-09 12:58:59] Loaded external plugin: WeatherTracker
[2026-08-09 12:59:08] System briefing generated successfully.
[2026-08-09 13:01:36] Loaded external plugin: AlarmClock
[2026-08-09 13:01:36] Loaded external plugin: SystemBenchmark
[2026-08-09 13:01:36] Loaded external plugin: SystemBriefing
[2026-08-09 13:01:36] Loaded external plugin: BrowserLauncher
[2026-08-09 13:01:36] Loaded external plugin: Calculator
[2026-08-09 13:01:36] Loaded external plugin: MemoryCleaner
[2026-08-09 13:01:36] Loaded external plugin: ClipboardAI
[2026-08-09 13:01:36] Loaded external plugin: LogSearch
[2026-08-09 13:01:36] Loaded external plugin: MacroRoutines
[2026-08-09 13:01:36] Loaded external plugin: NetworkRadar
[2026-08-09 13:01:36] Loaded external plugin: ProcessKiller
[2026-08-09 13:01:36] Loaded external plugin: Reminders
[2026-08-09 13:01:36] Loaded external plugin: SystemControl
[2026-08-09 13:01:36] Loaded external plugin: WebcamVision
[2026-08-09 13:01:36] Loaded external plugin: WeatherTracker
[2026-08-09 13:01:44] System briefing generated successfully.
[2026-08-09 13:03:14] Loaded external plugin: AlarmClock
[2026-08-09 13:03:14] Loaded external plugin: SystemBenchmark
[2026-08-09 13:03:14] Loaded external plugin: SystemBriefing
[2026-08-09 13:03:14] Loaded external plugin: BrowserLauncher
[2026-08-09 13:03:14] Loaded external plugin: Calculator
[2026-08-09 13:03:14] Loaded external plugin: MemoryCleaner
[2026-08-09 13:03:14] Loaded external plugin: ClipboardAI
[2026-08-09 13:03:14] Loaded external plugin: FileFinder
[2026-08-09 13:03:14] Loaded external plugin: LogSearch
[2026-08-09 13:03:14] Loaded external plugin: MacroRoutines
[2026-08-09 13:03:14] Loaded external plugin: NetworkRadar
[2026-08-09 13:03:14] Loaded external plugin: ProcessKiller
[2026-08-09 13:03:14] Loaded external plugin: Reminders
[2026-08-09 13:03:14] Loaded external plugin: SFXSoundboard
[2026-08-09 13:03:14] Loaded external plugin: SystemControl
[2026-08-09 13:03:14] Loaded external plugin: HardwareSpecs
[2026-08-09 13:03:14] Loaded external plugin: WebcamVision
[2026-08-09 13:03:14] Loaded external plugin: WeatherTracker
[2026-08-09 13:03:22] System briefing generated successfully.
[2026-08-09 13:05:09] Loaded external plugin: AlarmClock
[2026-08-09 13:05:09] Loaded external plugin: SystemBenchmark
[2026-08-09 13:05:09] Loaded external plugin: SystemBriefing
[2026-08-09 13:05:09] Loaded external plugin: BrowserLauncher
[2026-08-09 13:05:09] Loaded external plugin: Calculator
[2026-08-09 13:05:09] Loaded external plugin: MemoryCleaner
[2026-08-09 13:05:09] Loaded external plugin: ClipboardAI
[2026-08-09 13:05:09] Loaded external plugin: DiagnosticExporter
[2026-08-09 13:05:09] Loaded external plugin: FileFinder
[2026-08-09 13:05:09] Loaded external plugin: LogSearch
[2026-08-09 13:05:09] Loaded external plugin: MacroRoutines
[2026-08-09 13:05:09] Loaded external plugin: NetworkRadar
[2026-08-09 13:05:09] Loaded external plugin: ProcessKiller
[2026-08-09 13:05:09] Loaded external plugin: Reminders
[2026-08-09 13:05:09] Loaded external plugin: SecurityVault
[2026-08-09 13:05:09] Loaded external plugin: SFXSoundboard
[2026-08-09 13:05:09] Loaded external plugin: SystemControl
[2026-08-09 13:05:09] Loaded external plugin: HardwareSpecs
[2026-08-09 13:05:09] Loaded external plugin: WebcamVision
[2026-08-09 13:05:09] Loaded external plugin: WeatherTracker
[2026-08-09 13:05:09] Loaded external plugin: WebSearch
[2026-08-09 13:05:17] System briefing generated successfully.
[2026-08-09 13:08:00] Loaded external plugin: AlarmClock
[2026-08-09 13:08:00] Loaded external plugin: SystemBenchmark
[2026-08-09 13:08:00] Loaded external plugin: SystemBriefing
[2026-08-09 13:08:00] Loaded external plugin: BrowserLauncher
[2026-08-09 13:08:00] Loaded external plugin: Calculator
[2026-08-09 13:08:00] Loaded external plugin: MemoryCleaner
[2026-08-09 13:08:00] Loaded external plugin: ClipboardAI
[2026-08-09 13:08:00] Loaded external plugin: DiagnosticExporter
[2026-08-09 13:08:00] Loaded external plugin: FileFinder
[2026-08-09 13:08:00] Loaded external plugin: LogSearch
[2026-08-09 13:08:00] Loaded external plugin: MacroRoutines
[2026-08-09 13:08:00] Loaded external plugin: NetworkRadar
[2026-08-09 13:08:00] Loaded external plugin: ProcessKiller
[2026-08-09 13:08:00] Loaded external plugin: Reminders
[2026-08-09 13:08:00] Loaded external plugin: SecurityVault
[2026-08-09 13:08:00] Loaded external plugin: SFXSoundboard
[2026-08-09 13:08:00] Loaded external plugin: SystemControl
[2026-08-09 13:08:00] Loaded external plugin: HardwareSpecs
[2026-08-09 13:08:00] Loaded external plugin: WebcamVision
[2026-08-09 13:08:00] Loaded external plugin: WeatherTracker
[2026-08-09 13:08:00] Loaded external plugin: WebSearch
[2026-08-09 13:08:08] System briefing generated successfully.
[2026-08-09 13:11:06] Loaded external plugin: AlarmClock
[2026-08-09 13:11:06] Loaded external plugin: SystemBackup
[2026-08-09 13:11:06] Loaded external plugin: SystemBenchmark
[2026-08-09 13:11:06] Loaded external plugin: SystemBriefing
[2026-08-09 13:11:06] Loaded external plugin: BrowserLauncher
[2026-08-09 13:11:06] Loaded external plugin: Calculator
[2026-08-09 13:11:06] Loaded external plugin: MemoryCleaner
[2026-08-09 13:11:06] Loaded external plugin: ClipboardAI
[2026-08-09 13:11:06] Loaded external plugin: DiagnosticExporter
[2026-08-09 13:11:06] Loaded external plugin: FileFinder
[2026-08-09 13:11:06] Loaded external plugin: LogSearch
[2026-08-09 13:11:06] Loaded external plugin: MacroRoutines
[2026-08-09 13:11:06] Loaded external plugin: NetworkRadar
[2026-08-09 13:11:06] Loaded external plugin: ProcessKiller
[2026-08-09 13:11:06] Loaded external plugin: Reminders
[2026-08-09 13:11:06] Loaded external plugin: SecurityVault
[2026-08-09 13:11:06] Loaded external plugin: SFXSoundboard
[2026-08-09 13:11:06] Loaded external plugin: SystemControl
[2026-08-09 13:11:06] Loaded external plugin: HardwareSpecs
[2026-08-09 13:11:06] Loaded external plugin: WebcamVision
[2026-08-09 13:11:06] Loaded external plugin: WeatherTracker
[2026-08-09 13:11:06] Loaded external plugin: WebSearch
[2026-08-09 13:11:14] System briefing generated successfully.
